// Jest Snapshot v1, https://goo.gl/fbAQLP

exports[`<Order /> renders correctly 1`] = `
ShallowWrapper {
  "length": 1,
  Symbol(enzyme.__root__): [Circular],
  Symbol(enzyme.__unrendered__): <OrderModal
    item={Object {}}
    menu={Object {}}
    setLoading={[Function]}
    toggle={[Function]}
/>,
  Symbol(enzyme.__renderer__): Object {
    "batchedUpdates": [Function],
    "getNode": [Function],
    "render": [Function],
    "simulateEvent": [Function],
    "unmount": [Function],
  },
  Symbol(enzyme.__node__): Object {
    "instance": null,
    "key": undefined,
    "nodeType": "function",
    "props": Object {
      "body": <div>
        <p
                className="text-center"
        >
                Order for 
                 on 
                ?
        </p>
        <label>
                Quantity
        </label>
        <Input
                name="quantity"
                onChange={[Function]}
                type="number"
                value={1}
        />
</div>,
      "footer": <Button
        className="m-auto"
        color="primary"
        onClick={[Function]}
        tag="button"
>
        Make Order
</Button>,
      "isOpen": undefined,
      "item": Object {},
      "menu": Object {},
      "onOpened": [Function],
      "setLoading": [Function],
      "title": "Make An Order",
      "toggle": [Function],
    },
    "ref": null,
    "rendered": null,
    "type": [Function],
  },
  Symbol(enzyme.__nodes__): Array [
    Object {
      "instance": null,
      "key": undefined,
      "nodeType": "function",
      "props": Object {
        "body": <div>
          <p
                    className="text-center"
          >
                    Order for 
                     on 
                    ?
          </p>
          <label>
                    Quantity
          </label>
          <Input
                    name="quantity"
                    onChange={[Function]}
                    type="number"
                    value={1}
          />
</div>,
        "footer": <Button
          className="m-auto"
          color="primary"
          onClick={[Function]}
          tag="button"
>
          Make Order
</Button>,
        "isOpen": undefined,
        "item": Object {},
        "menu": Object {},
        "onOpened": [Function],
        "setLoading": [Function],
        "title": "Make An Order",
        "toggle": [Function],
      },
      "ref": null,
      "rendered": null,
      "type": [Function],
    },
  ],
  Symbol(enzyme.__options__): Object {
    "adapter": ReactSixteenAdapter {
      "options": Object {
        "enableComponentDidUpdateOnSetState": true,
      },
    },
  },
}
`;